============================= test session starts =============================
platform win32 -- Python 3.13.9, pytest-9.0.1, pluggy-1.6.0 -- C:\Users\liad7\Projects\EX1_FastAPI_Foundations\.venv\Scripts\python.exe
cachedir: .pytest_cache
rootdir: C:\Users\liad7\Projects\EX1_FastAPI_Foundations\backend
configfile: pyproject.toml
plugins: anyio-4.11.0
collecting ... collected 0 items / 1 error

=================================== ERRORS ====================================
__________________ ERROR collecting tests/test_creatures.py ___________________
ImportError while importing test module 'C:\Users\liad7\Projects\EX1_FastAPI_Foundations\backend\tests\test_creatures.py'.
Hint: make sure your test modules/packages have valid Python names.
Traceback:
.venv\Lib\site-packages\_pytest\python.py:507: in importtestmodule
    mod = import_path(
.venv\Lib\site-packages\_pytest\pathlib.py:587: in import_path
    importlib.import_module(module_name)
C:\Program Files\Python313\Lib\importlib\__init__.py:88: in import_module
    return _bootstrap._gcd_import(name[level:], package, level)
           ^^^^^^^^^^^^^^^^^^^^^^^^^^^^^^^^^^^^^^^^^^^^^^^^^^^^
<frozen importlib._bootstrap>:1387: in _gcd_import
    ???
<frozen importlib._bootstrap>:1360: in _find_and_load
    ???
<frozen importlib._bootstrap>:1331: in _find_and_load_unlocked
    ???
<frozen importlib._bootstrap>:935: in _load_unlocked
    ???
.venv\Lib\site-packages\_pytest\assertion\rewrite.py:197: in exec_module
    exec(co, module.__dict__)
backend\tests\test_creatures.py:6: in <module>
    from app.app import app, get_session
E   ImportError: cannot import name 'get_session' from 'app.app' (C:\Users\liad7\Projects\EX1_FastAPI_Foundations\backend\app\app.py)
=========================== short test summary info ===========================
ERROR backend\tests\test_creatures.py
!!!!!!!!!!!!!!!!!!! Interrupted: 1 error during collection !!!!!!!!!!!!!!!!!!!!
============================== 1 error in 1.47s ===============================
